---
source: tests/cli_snapshots.rs
expression: output
---
$ govctl check
Checked:
  1 RFCs
  1 clauses
  1 ADRs
  1 work items

✓ All checks passed
exit: 0

$ govctl list rfc
┌──────────┬─────────┬───────────┬────────┬──────────┐
│ RFC      ┆ Version ┆ Status    ┆ Phase  ┆ Title    │
╞══════════╪═════════╪═══════════╪════════╪══════════╡
│ RFC-0001 ┆ 1.0.0   ┆ normative ┆ stable ┆ Test RFC │
└──────────┴─────────┴───────────┴────────┴──────────┘
exit: 0

$ govctl list clause
┌───────────┬──────────┬───────────┬────────┬────────────────┐
│ Clause    ┆ RFC      ┆ Kind      ┆ Status ┆ Title          │
╞═══════════╪══════════╪═══════════╪════════╪════════════════╡
│ C-EXAMPLE ┆ RFC-0001 ┆ normative ┆ active ┆ Example Clause │
└───────────┴──────────┴───────────┴────────┴────────────────┘
exit: 0

$ govctl list adr
┌──────────┬──────────┬────────────┬───────────────┐
│ ADR      ┆ Status   ┆ Date       ┆ Title         │
╞══════════╪══════════╪════════════╪═══════════════╡
│ ADR-0001 ┆ accepted ┆ 2026-01-01 ┆ Test Decision │
└──────────┴──────────┴────────────┴───────────────┘
exit: 0

$ govctl list work
┌────┬────────┬───────┐
│ ID ┆ Status ┆ Title │
╞════╪════════╪═══════╡
└────┴────────┴───────┘
exit: 0

$ govctl status
govctl status

RFCs
  normative    1
  Total        1

Clauses
  active       1
  Total        1

ADRs
  accepted     1
  Total        1

Work Items
  done         1
  Total        1

exit: 0
