---
source: tests/cli_snapshots.rs
expression: "normalize_output(&output, temp_dir.path(), &date)"
---
$ govctl status
govctl status

RFCs
  normative    1
  Total        1

Clauses
  active       1
  Total        1

ADRs
  accepted     1
  Total        1

Work Items
  active       1
  Total        1

Active Work
  WI-<DATE>-001 Test work item

exit: 0
