---
source: tests/test_lifecycle.rs
expression: "normalize_output(&output, temp_dir.path(), &date)"
---
$ govctl rfc new Test RFC
Created RFC: gov/rfc/RFC-0001/rfc.json
  Clauses dir: gov/rfc/RFC-0001/clauses
exit: 0

$ govctl clause new RFC-0001:C-OLD Old Clause -s Specification -k normative
Created clause: gov/rfc/RFC-0001/clauses/C-OLD.json
  Added to section 'Specification', path: clauses/C-OLD.json
exit: 0

$ govctl clause new RFC-0001:C-NEW New Clause -s Specification -k normative
Created clause: gov/rfc/RFC-0001/clauses/C-NEW.json
  Added to section 'Specification', path: clauses/C-NEW.json
exit: 0

$ govctl rfc finalize RFC-0001 normative
  Set C-NEW.since = 0.1.0
  Set C-OLD.since = 0.1.0
Finalized RFC-0001 to status: normative
exit: 0

$ govctl clause supersede RFC-0001:C-OLD --by RFC-0001:C-NEW
Supersede RFC-0001:C-OLD with RFC-0001:C-NEW? [y/N] 
Supersede cancelled
exit: 0

$ govctl clause list
┌────────┬──────────┬───────────┬────────┬────────────┐
│ Clause ┆ RFC      ┆ Kind      ┆ Status ┆ Title      │
╞════════╪══════════╪═══════════╪════════╪════════════╡
│ C-NEW  ┆ RFC-0001 ┆ normative ┆ active ┆ New Clause │
├╌╌╌╌╌╌╌╌┼╌╌╌╌╌╌╌╌╌╌┼╌╌╌╌╌╌╌╌╌╌╌┼╌╌╌╌╌╌╌╌┼╌╌╌╌╌╌╌╌╌╌╌╌┤
│ C-OLD  ┆ RFC-0001 ┆ normative ┆ active ┆ Old Clause │
└────────┴──────────┴───────────┴────────┴────────────┘
exit: 0
