---
source: tests/test_delete.rs
expression: "normalize_output(&output, temp_dir.path(), &date)"
---
$ govctl work new Completed work item --active
Created work item: gov/work/<DATE>-completed-work-item.toml
  ID: WI-<DATE>-001
exit: 0

$ govctl work add WI-<DATE>-001 acceptance_criteria chore: Test criterion
Added 'chore: Test criterion' to WI-<DATE>-001.acceptance_criteria
exit: 0

$ govctl work tick WI-<DATE>-001 acceptance_criteria Test -s done
Marked 'Test criterion' as done
exit: 0

$ govctl work move WI-<DATE>-001 done
Moved <DATE>-completed-work-item.toml to done
exit: 0

$ govctl work delete WI-<DATE>-001 -f
Error: error[E0402]: Cannot delete work item: WI-<DATE>-001 is done. Only queued work items can be deleted. Use 'mv WI-<DATE>-001 cancelled' for active items. (WI-<DATE>-001)
exit: 1
