---
source: tests/test_lifecycle.rs
assertion_line: 296
expression: "normalize_output(&output, temp_dir.path(), &date)"
---
$ govctl clause deprecate RFC-0001:C-TEST --force
error[E0505]: Legacy JSON clause exists for RFC-0001:C-TEST; run `govctl migrate` before clause lifecycle commands. (RFC-0001:C-TEST)
exit: 1
