---
source: tests/test_help.rs
expression: normalized
---
$ govctl rfc bump --help
Bump RFC version

Usage: govctl rfc bump [OPTIONS] <ID>

Arguments:
  <ID>  RFC ID

Options:
  -C, --config <CONFIG>    Path to govctl config (TOML)
      --patch              Patch version bump
      --dry-run            Dry run: preview changes without writing files
      --minor              Minor version bump
      --major              Major version bump
  -m, --summary <SUMMARY>  Changelog summary
  -c, --change <CHANGES>   Add change description(s)
  -h, --help               Print help

EXAMPLES:
    govctl rfc bump RFC-0001 --patch -m "Clarify examples"
    govctl rfc bump RFC-0001 --minor -m "Add a normative clause" -c "change: Define the new behavior"
    govctl rfc bump RFC-0001 -c "fix: Correct current-version wording"

NOTES:
    - Choose one of `--patch`, `--minor`, or `--major` when releasing a content amendment.
    - `--change` without a bump level updates the current changelog entry without changing version.
    - Use `-m/--summary` for a release summary and `-c/--change` for detailed entries.
exit: 0
