---
source: tests/test_happy_path.rs
expression: "normalize_output(&output, temp_dir.path(), &date)"
---
$ govctl list clause
┌───────────┬──────────┬───────────┬────────┬────────────────┐
│ Clause    ┆ RFC      ┆ Kind      ┆ Status ┆ Title          │
╞═══════════╪══════════╪═══════════╪════════╪════════════════╡
│ C-EXAMPLE ┆ RFC-0001 ┆ normative ┆ active ┆ Example Clause │
└───────────┴──────────┴───────────┴────────┴────────────────┘
exit: 0
