---
source: tests/test_happy_path.rs
expression: "normalize_output(&output, temp_dir.path(), &date)"
---
$ govctl list work
┌───────────────────┬────────┬────────────────┐
│ ID                ┆ Status ┆ Title          │
╞═══════════════════╪════════╪════════════════╡
│ WI-<DATE>-001 ┆ active ┆ Test work item │
└───────────────────┴────────┴────────────────┘
exit: 0
