---
source: tests/test_edit.rs
expression: "normalize_output(&output, temp_dir.path(), &date)"
---
$ govctl rfc new Test RFC
Created RFC: gov/rfc/RFC-0001/rfc.json
  Clauses dir: gov/rfc/RFC-0001/clauses
exit: 0

$ govctl clause edit RFC-0001:C-NONEXISTENT --text Text
Error: Clause not found: RFC-0001:C-NONEXISTENT
exit: 1
