---
source: tests/test_adr_gates.rs
expression: normalized
---
$ govctl adr new Test ADR
Created ADR: gov/adr/ADR-XXXX-test-adr.toml
exit: 0

$ govctl adr accept ADR-0001 --force
Accepted ADR: ADR-0001
exit: 0

$ govctl adr list
┌──────────┬──────────┬────────────┬──────────┐
│ ADR      ┆ Status   ┆ Date       ┆ Title    │
╞══════════╪══════════╪════════════╪══════════╡
│ ADR-0001 ┆ accepted ┆ <DATE> ┆ Test ADR │
└──────────┴──────────┴────────────┴──────────┘
exit: 0
