---
source: tests/test_happy_path.rs
expression: "normalize_output(&output, temp_dir.path(), &date)"
---
$ govctl adr list
┌──────────┬──────────┬────────────┬───────────────┐
│ ADR      ┆ Status   ┆ Date       ┆ Title         │
╞══════════╪══════════╪════════════╪═══════════════╡
│ ADR-0001 ┆ accepted ┆ 2026-01-01 ┆ Test Decision │
└──────────┴──────────┴────────────┴───────────────┘
exit: 0
