---
source: tests/test_help.rs
expression: normalized
---
$ govctl rfc edit --help
Canonical path-first edit entrypoint

Usage: govctl rfc edit [OPTIONS] <ID> <PATH>

Arguments:
  <ID>
          Artifact ID

  <PATH>
          Canonical field path

Options:
  -C, --config <CONFIG>
          Path to govctl config (TOML)

      --set [<SET>]
          Set a scalar value (omit VALUE only when using --stdin)

      --add [<ADD>]
          Append a value to a list (omit VALUE only when using --stdin)

      --dry-run
          Dry run: preview changes without writing files

      --remove [<REMOVE>]
          Remove a matching value, or omit PATTERN when removing an indexed path

      --tick <TICK>
          Update checklist-style item status

          Possible values:
          - done:       Mark work items as done
          - pending:    Mark work items as pending
          - cancelled:  Mark work items as cancelled
          - accepted:   Mark ADR alternatives as accepted
          - considered: Mark ADR alternatives as considered
          - rejected:   Mark ADR alternatives as rejected

      --stdin
          Read set/add value from stdin

      --at <AT>
          Match by index for remove/tick

      --exact
          Exact match for remove/tick

      --regex
          Regex match for remove/tick

      --all
          Remove all matches

  -h, --help
          Print help (see a summary with '-h')

EXAMPLES:
    govctl rfc edit RFC-0001 changelog.summary --set "Clarify retry behavior"
    govctl rfc edit RFC-0001 changelog.fixed --add "Correct timeout wording"
    govctl rfc edit RFC-0001 changelog.fixed[0] --remove
    govctl rfc edit RFC-0001 refs --add RFC-0002

NOTES:
    - Changelog edits apply only to the entry matching the RFC's current version.
    - RFC and changelog version/date fields are lifecycle-owned.
exit: 0
