---
source: tests/test_edit.rs
assertion_line: 1450
expression: "normalize_output(&output, temp_dir.path(), &date)"
---
$ govctl adr new Selector Test
Created ADR: gov/adr/ADR-XXXX-selector-test.toml
exit: 0

$ govctl adr add ADR-0001 alternatives Opt1 --con Bad
Added 'Opt1' to ADR-0001.alternatives
exit: 0

$ govctl adr remove ADR-0001 alt[0].cons
error[E0801]: Remove from ADR-0001.alternatives[0].cons requires a pattern or --at <index> (ADR-0001)
exit: 1
