---
source: tests/test_rfc_lifecycle.rs
expression: "normalize_output(&combined, temp_dir.path(), &date)"
---
$ govctl rfc new Amendment Test RFC
Created RFC: gov/rfc/RFC-0001/rfc.json
  Clauses dir: gov/rfc/RFC-0001/clauses
exit: 0

$ govctl clause new RFC-0001:C-AMEND-TEST Amendment Test Clause -s Specification -k normative
Created clause: gov/rfc/RFC-0001/clauses/C-AMEND-TEST.json
  Added to section 'Specification', path: clauses/C-AMEND-TEST.json
exit: 0

$ govctl clause edit RFC-0001:C-AMEND-TEST --text Original text for amendment test.
Updated clause: RFC-0001:C-AMEND-TEST
exit: 0

$ govctl rfc finalize RFC-0001 normative
Finalized RFC-0001 to status: normative
exit: 0

$ govctl rfc bump RFC-0001 --minor --summary Establish baseline with signature
Bumped RFC-0001 to 0.2.0
exit: 0

$ govctl rfc list
┌──────────┬─────────┬───────────┬───────┬────────────────────┐
│ RFC      ┆ Version ┆ Status    ┆ Phase ┆ Title              │
╞══════════╪═════════╪═══════════╪═══════╪════════════════════╡
│ RFC-0001 ┆ 0.2.0   ┆ normative ┆ spec  ┆ Amendment Test RFC │
└──────────┴─────────┴───────────┴───────┴────────────────────┘
exit: 0

$ govctl clause edit RFC-0001:C-AMEND-TEST --text AMENDED text - content changed.
Updated clause: RFC-0001:C-AMEND-TEST
exit: 0

$ govctl rfc list
┌───────────┬─────────┬───────────┬───────┬────────────────────┐
│ RFC       ┆ Version ┆ Status    ┆ Phase ┆ Title              │
╞═══════════╪═════════╪═══════════╪═══════╪════════════════════╡
│ RFC-0001* ┆ 0.2.0   ┆ normative ┆ spec  ┆ Amendment Test RFC │
└───────────┴─────────┴───────────┴───────┴────────────────────┘
exit: 0

$ govctl rfc bump RFC-0001 --patch --summary Release amendment
Bumped RFC-0001 to 0.2.1
exit: 0

$ govctl rfc list
┌──────────┬─────────┬───────────┬───────┬────────────────────┐
│ RFC      ┆ Version ┆ Status    ┆ Phase ┆ Title              │
╞══════════╪═════════╪═══════════╪═══════╪════════════════════╡
│ RFC-0001 ┆ 0.2.1   ┆ normative ┆ spec  ┆ Amendment Test RFC │
└──────────┴─────────┴───────────┴───────┴────────────────────┘
exit: 0
