---
source: tests/test_move.rs
expression: "normalize_output(&output, temp_dir.path(), &date)"
---
$ govctl work new Test task --active
Created work item: gov/work/<DATE>-test-task.toml
  ID: WI-<DATE>-001
exit: 0

$ govctl work move WI-<DATE>-001 done
error[E0407]: Cannot mark as done: no acceptance criteria defined.
Add criteria with: govctl add WI-<DATE>-001 acceptance_criteria "<criterion>" (WI-<DATE>-001)
exit: 1
